Microchip MPLAB XC8 Compiler V2.00 ()

Linker command line:

-W-3 --edf=C:\Program Files (x86)\Microchip\xc8\v2.00\pic\dat\en_msgs.txt \
  -cs -h+dist/default/production\DOG104_lib.X.production.sym \
  --cmf=dist/default/production\DOG104_lib.X.production.cmf -z -Q16F18426 \
  -oC:\Users\Raphael\AppData\Local\Temp\sbmg.2 --defsym=__MPLAB_BUILD=1 \
  -Mdist/default/production/DOG104_lib.X.production.map -E1 -ver=XC8 \
  --acfsm=1493 -ASTACK=0206Eh-027efh -pstack=STACK -ACODE=00h-07FFhx8 \
  -ASTRCODE=00h-03FFFh -ASTRING=00h-0FFhx64 -ACONST=00h-0FFhx64 \
  -AENTRY=00h-0FFhx64 -ACOMMON=070h-07Fh -ABANK0=020h-06Fh \
  -ABANK1=0A0h-0EFh -ABANK2=0120h-016Fh -ABANK3=01A0h-01EFh \
  -ABANK4=0220h-026Fh -ABANK5=02A0h-02EFh -ABANK6=0320h-036Fh \
  -ABANK7=03A0h-03EFh -ABANK8=0420h-046Fh -ABANK9=04A0h-04EFh \
  -ABANK10=0520h-056Fh -ABANK11=05A0h-05EFh -ABANK12=0620h-066Fh \
  -ABANK13=06A0h-06EFh -ABANK14=0720h-076Fh -ABANK15=07A0h-07EFh \
  -ABANK16=0820h-086Fh -ABANK17=08A0h-08EFh -ABANK18=0920h-096Fh \
  -ABANK19=09A0h-09EFh -ABANK20=0A20h-0A6Fh -ABANK21=0AA0h-0AEFh \
  -ABANK22=0B20h-0B6Fh -ABANK23=0BA0h-0BEFh -ABANK24=0C20h-0C6Fh \
  -ABANK25=0CA0h-0CBFh -ABIGRAM=02000h-027EFh \
  -ARAM=020h-06Fh,0A0h-0EFh,0120h-016Fh,01A0h-01EFh,0220h-026Fh,02A0h-02EFh,0320h-036Fh,03A0h-03EFh,0420h-046Fh,04A0h-04EFh,0520h-056Fh,05A0h-05EFh,0620h-066Fh,06A0h-06EFh,0720h-076Fh,07A0h-07EFh,0820h-086Fh,08A0h-08EFh,0920h-096Fh,09A0h-09EFh,0A20h-0A6Fh,0AA0h-0AEFh,0B20h-0B6Fh,0BA0h-0BEFh,0C20h-0C6Fh,0CA0h-0CBFh \
  -AABS1=020h-07Fh,0A0h-0EFh,0120h-016Fh,01A0h-01EFh,0220h-026Fh,02A0h-02EFh,0320h-036Fh,03A0h-03EFh,0420h-046Fh,04A0h-04EFh,0520h-056Fh,05A0h-05EFh,0620h-066Fh,06A0h-06EFh,0720h-076Fh,07A0h-07EFh,0820h-086Fh,08A0h-08EFh,0920h-096Fh,09A0h-09EFh,0A20h-0A6Fh,0AA0h-0AEFh,0B20h-0B6Fh,0BA0h-0BEFh,0C20h-0C6Fh,0CA0h-0CBFh \
  -ASFR0=00h-01Fh -ASFR1=080h-09Fh -ASFR2=0100h-011Fh -ASFR3=0180h-019Fh \
  -ASFR4=0200h-021Fh -ASFR5=0280h-029Fh -ASFR6=0300h-031Fh \
  -ASFR7=0380h-039Fh -ASFR8=0400h-041Fh -ASFR9=0480h-049Fh \
  -ASFR10=0500h-051Fh -ASFR11=0580h-059Fh -ASFR12=0600h-061Fh \
  -ASFR13=0680h-069Fh -ASFR14=0700h-071Fh -ASFR15=0780h-079Fh \
  -ASFR16=0800h-081Fh -ASFR17=0880h-089Fh -ASFR18=0900h-091Fh \
  -ASFR19=0980h-099Fh -ASFR20=0A00h-0A1Fh -ASFR21=0A80h-0A9Fh \
  -ASFR22=0B00h-0B1Fh -ASFR23=0B80h-0B9Fh -ASFR24=0C00h-0C1Fh \
  -ASFR25=0C80h-0C9Fh -ASFR26=0D00h-0D6Fh -ASFR27=0D80h-0DEFh \
  -ASFR28=0E00h-0E6Fh -ASFR29=0E80h-0EEFh -ASFR30=0F00h-0F6Fh \
  -ASFR31=0F80h-0FEFh -ASFR32=01000h-0106Fh -ASFR33=01080h-010EFh \
  -ASFR34=01100h-0116Fh -ASFR35=01180h-011EFh -ASFR36=01200h-0126Fh \
  -ASFR37=01280h-012EFh -ASFR38=01300h-0136Fh -ASFR39=01380h-013EFh \
  -ASFR40=01400h-0146Fh -ASFR41=01480h-014EFh -ASFR42=01500h-0156Fh \
  -ASFR43=01580h-015EFh -ASFR44=01600h-0166Fh -ASFR45=01680h-016EFh \
  -ASFR46=01700h-0176Fh -ASFR47=01780h-017EFh -ASFR48=01800h-0186Fh \
  -ASFR49=01880h-018EFh -ASFR50=01900h-0196Fh -ASFR51=01980h-019EFh \
  -ASFR52=01A00h-01A6Fh -ASFR53=01A80h-01AEFh -ASFR54=01B00h-01B6Fh \
  -ASFR55=01B80h-01BEFh -ASFR56=01C00h-01C6Fh -ASFR57=01C80h-01CEFh \
  -ASFR58=01D00h-01D6Fh -ASFR59=01D80h-01DEFh -ASFR60=01E00h-01E6Fh \
  -ASFR61=01E80h-01EEFh -ASFR62=01F00h-01F6Fh -ASFR63=01F80h-01FEFh \
  -preset_vec=00h,intentry,init,end_init -ppowerup=CODE -pcinit=CODE \
  -pfunctab=ENTRY -ACONFIG=08007h-0800Bh -pconfig=CONFIG -DCONFIG=2 \
  -AIDLOC=08000h-08003h -pidloc=IDLOC -DIDLOC=2 -DCODE=2 -DSTRCODE=2 \
  -DSTRING=2 -DCONST=2 -DENTRY=2 -k \
  C:\Users\Raphael\AppData\Local\Temp\sbmg.o \
  dist/default/production\DOG104_lib.X.production.o 

Object code version is 3.11

Machine type is 16F18426



                Name                               Link     Load   Length Selector   Space Scale
C:\Users\Raphael\AppData\Local\Temp\sbmg.o
                end_init                              2        2        2        0       0
                reset_vec                             0        0        2        0       0
                config                             8007     8007        5    1000E       0
dist/default/production\DOG104_lib.X.production.o
                cinit                               7E5      7E5       1B      FCA       0
                text26                              3B0      3B0       13      760       0
                text25                              56F      56F       53      ADE       0
                text24                              359      359        C      6B2       0
                text23                              365      365        C      6CA       0
                text22                              37E      37E       10      6FC       0
                text21                              538      538       37      A70       0
                text20                              46C      46C       1F      8D8       0
                text19                              31D      31D        6      63A       0
                text18                              3C3      3C3       14      786       0
                text17                              3D7      3D7       15      7AE       0
                text16                              32F      32F        7      65E       0
                text15                              3EC      3EC       15      7D8       0
                text14                              507      507       31      A0E       0
                text13                              418      418       1B      830       0
                text12                              48B      48B       26      916       0
                text11                              33D      33D        9      67A       0
                text10                              4B1      4B1       26      962       0
                text9                               34F      34F        A      69E       0
                text8                               38E      38E       10      71C       0
                text7                               371      371        D      6E2       0
                text6                               433      433       1B      866       0
                text5                               39E      39E       12      73C       0
                text4                               401      401       17      802       0
                text3                               346      346        9      68C       0
                text2                               336      336        7      66C       0
                text1                               4D7      4D7       30      9AE       0
                swtext1                               4        4       10        8       0
                maintext                            5C2      5C2      223      B84       0
                cstackBANK0                          20       20       2A       20       1
                cstackCOMMON                         70       70        D       70       1
                clrtext                             323      323        6      646       0
                inittext                            329      329        6      652       0
                dataBANK1                            A0       A0       1E       A0       1
                bssBANK0                             4A       4A       24       20       1
                dataCOMMON                           7D       7D        1       70       1
                stringtext12                        896      896        7     1000       0
                stringtext11                        88E      88E        8     1000       0
                stringtext10                        884      884        A     1000       0
                stringtext9                         879      879        B     1000       0
                stringtext8                         86E      86E        B     1000       0
                stringtext7                         863      863        B     1000       0
                stringtext6                         858      858        B     1000       0
                stringtext5                         84D      84D        B     1000       0
                stringtext4                         842      842        B     1000       0
                stringtext3                         837      837        B     1000       0
                stringtext2                         82C      82C        B     1000       0
                stringtext1                         800      800       2C     1000       0
                idataBANK1                          44E      44E       1E      89C       0
                idataCOMMON                         31C      31C        1      638       0

TOTAL           Name                               Link     Load   Length     Space
        CLASS   STACK          

        CLASS   CODE           
                end_init                              2        2        2         0
                cinit                               7E5      7E5       1B         0
                reset_vec                             0        0        2         0
                text26                              3B0      3B0       13         0
                text25                              56F      56F       53         0
                text24                              359      359        C         0
                text23                              365      365        C         0
                text22                              37E      37E       10         0
                text21                              538      538       37         0
                text20                              46C      46C       1F         0
                text19                              31D      31D        6         0
                text18                              3C3      3C3       14         0
                text17                              3D7      3D7       15         0
                text16                              32F      32F        7         0
                text15                              3EC      3EC       15         0
                text14                              507      507       31         0
                text13                              418      418       1B         0
                text12                              48B      48B       26         0
                text11                              33D      33D        9         0
                text10                              4B1      4B1       26         0
                text9                               34F      34F        A         0
                text8                               38E      38E       10         0
                text7                               371      371        D         0
                text6                               433      433       1B         0
                text5                               39E      39E       12         0
                text4                               401      401       17         0
                text3                               346      346        9         0
                text2                               336      336        7         0
                text1                               4D7      4D7       30         0
                maintext                            5C2      5C2      223         0
                clrtext                             323      323        6         0
                inittext                            329      329        6         0
                idataBANK1                          44E      44E       1E         0
                idataCOMMON                         31C      31C        1         0

        CLASS   STRCODE        
                stringtext12                        896      896        7         0
                stringtext11                        88E      88E        8         0
                stringtext10                        884      884        A         0
                stringtext9                         879      879        B         0
                stringtext8                         86E      86E        B         0
                stringtext7                         863      863        B         0
                stringtext6                         858      858        B         0
                stringtext5                         84D      84D        B         0
                stringtext4                         842      842        B         0
                stringtext3                         837      837        B         0
                stringtext2                         82C      82C        B         0
                stringtext1                         800      800       2C         0

        CLASS   STRING         

        CLASS   CONST          
                swtext1                               4        4       10         0

        CLASS   ENTRY          

        CLASS   COMMON         
                cstackCOMMON                         70       70        D         1
                dataCOMMON                           7D       7D        1         1

        CLASS   BANK0          
                cstackBANK0                          20       20       2A         1
                bssBANK0                             4A       4A       24         1

        CLASS   BANK1          
                dataBANK1                            A0       A0       1E         1

        CLASS   BANK2          

        CLASS   BANK3          

        CLASS   BANK4          

        CLASS   BANK5          

        CLASS   BANK6          

        CLASS   BANK7          

        CLASS   BANK8          

        CLASS   BANK9          

        CLASS   BANK10         

        CLASS   BANK11         

        CLASS   BANK12         

        CLASS   BANK13         

        CLASS   BANK14         

        CLASS   BANK15         

        CLASS   BANK16         

        CLASS   BANK17         

        CLASS   BANK18         

        CLASS   BANK19         

        CLASS   BANK20         

        CLASS   BANK21         

        CLASS   BANK22         

        CLASS   BANK23         

        CLASS   BANK24         

        CLASS   BANK25         

        CLASS   BIGRAM         

        CLASS   RAM            

        CLASS   ABS1           
                abs_s1                               7E       7E        2         1

        CLASS   SFR0           

        CLASS   SFR1           

        CLASS   SFR2           

        CLASS   SFR3           

        CLASS   SFR4           

        CLASS   SFR5           

        CLASS   SFR6           

        CLASS   SFR7           

        CLASS   SFR8           

        CLASS   SFR9           

        CLASS   SFR10          

        CLASS   SFR11          

        CLASS   SFR12          

        CLASS   SFR13          

        CLASS   SFR14          

        CLASS   SFR15          

        CLASS   SFR16          

        CLASS   SFR17          

        CLASS   SFR18          

        CLASS   SFR19          

        CLASS   SFR20          

        CLASS   SFR21          

        CLASS   SFR22          

        CLASS   SFR23          

        CLASS   SFR24          

        CLASS   SFR25          

        CLASS   SFR26          

        CLASS   SFR27          

        CLASS   SFR28          

        CLASS   SFR29          

        CLASS   SFR30          

        CLASS   SFR31          

        CLASS   SFR32          

        CLASS   SFR33          

        CLASS   SFR34          

        CLASS   SFR35          

        CLASS   SFR36          

        CLASS   SFR37          

        CLASS   SFR38          

        CLASS   SFR39          

        CLASS   SFR40          

        CLASS   SFR41          

        CLASS   SFR42          

        CLASS   SFR43          

        CLASS   SFR44          

        CLASS   SFR45          

        CLASS   SFR46          

        CLASS   SFR47          

        CLASS   SFR48          

        CLASS   SFR49          

        CLASS   SFR50          

        CLASS   SFR51          

        CLASS   SFR52          

        CLASS   SFR53          

        CLASS   SFR54          

        CLASS   SFR55          

        CLASS   SFR56          

        CLASS   SFR57          

        CLASS   SFR58          

        CLASS   SFR59          

        CLASS   SFR60          

        CLASS   SFR61          

        CLASS   SFR62          

        CLASS   SFR63          

        CLASS   CONFIG         
                config                             8007     8007        5         0

        CLASS   IDLOC          

        CLASS   BANK63         

        CLASS   BANK62         

        CLASS   BANK61         

        CLASS   BANK60         

        CLASS   BANK59         

        CLASS   BANK58         

        CLASS   BANK57         

        CLASS   BANK56         

        CLASS   BANK55         

        CLASS   BANK54         

        CLASS   BANK53         

        CLASS   BANK52         

        CLASS   BANK51         

        CLASS   BANK50         

        CLASS   BANK49         

        CLASS   BANK48         

        CLASS   BANK47         

        CLASS   BANK46         

        CLASS   BANK45         

        CLASS   BANK44         

        CLASS   BANK43         

        CLASS   BANK42         

        CLASS   BANK41         

        CLASS   BANK40         

        CLASS   BANK39         

        CLASS   BANK38         

        CLASS   BANK37         

        CLASS   BANK36         

        CLASS   BANK35         

        CLASS   BANK34         

        CLASS   BANK33         

        CLASS   BANK32         

        CLASS   BANK31         

        CLASS   BANK30         

        CLASS   BANK29         

        CLASS   BANK28         

        CLASS   BANK27         

        CLASS   BANK26         

        CLASS   EEDATA         



SEGMENTS        Name                           Load    Length   Top    Selector   Space  Class     Delta

                reset_vec                      000000  000004  000004         0       0  CODE        2
                swtext1                        000004  000010  000014         8       0  CONST       2
                cstackBANK0                    000020  00004E  00006E        20       1  BANK0       1
                cstackCOMMON                   000070  00000E  00007E        70       1  COMMON      1
                dataBANK1                      0000A0  00001E  0000BE        A0       1  BANK1       1
                idataCOMMON                    00031C  000001  00031D       638       0  CODE        2
                text19                         00031D  000006  000323       63A       0  CODE        2
                clrtext                        000323  000006  000329       646       0  CODE        2
                inittext                       000329  000006  00032F       652       0  CODE        2
                text16                         00032F  000007  000336       65E       0  CODE        2
                text2                          000336  000007  00033D       66C       0  CODE        2
                text11                         00033D  000009  000346       67A       0  CODE        2
                text3                          000346  000009  00034F       68C       0  CODE        2
                text9                          00034F  00000A  000359       69E       0  CODE        2
                text24                         000359  00000C  000365       6B2       0  CODE        2
                text23                         000365  00000C  000371       6CA       0  CODE        2
                text7                          000371  00000D  00037E       6E2       0  CODE        2
                text22                         00037E  000010  00038E       6FC       0  CODE        2
                text8                          00038E  000010  00039E       71C       0  CODE        2
                text5                          00039E  000012  0003B0       73C       0  CODE        2
                text26                         0003B0  000013  0003C3       760       0  CODE        2
                text18                         0003C3  000014  0003D7       786       0  CODE        2
                text17                         0003D7  000015  0003EC       7AE       0  CODE        2
                text15                         0003EC  000015  000401       7D8       0  CODE        2
                text4                          000401  000017  000418       802       0  CODE        2
                text13                         000418  00001B  000433       830       0  CODE        2
                text6                          000433  00001B  00044E       866       0  CODE        2
                idataBANK1                     00044E  00001E  00046C       89C       0  CODE        2
                text20                         00046C  00001F  00048B       8D8       0  CODE        2
                text12                         00048B  000026  0004B1       916       0  CODE        2
                text10                         0004B1  000026  0004D7       962       0  CODE        2
                text1                          0004D7  000030  000507       9AE       0  CODE        2
                text14                         000507  000031  000538       A0E       0  CODE        2
                text21                         000538  000037  00056F       A70       0  CODE        2
                text25                         00056F  000053  0005C2       ADE       0  CODE        2
                maintext                       0005C2  000223  0007E5       B84       0  CODE        2
                cinit                          0007E5  00001B  000800       FCA       0  CODE        2
                stringtext1                    000800  00009D  00089D      1000       0  STRCODE     2
                config                         008007  000005  00800C     1000E       0  CONFIG      2


UNUSED ADDRESS RANGES

        Name                Unused          Largest block    Delta
        BANK0            0006E-0006F               2           1
        BANK1            000BE-000EF              32           1
        BANK10           00520-0056F              50           1
        BANK11           005A0-005EF              50           1
        BANK12           00620-0066F              50           1
        BANK13           006A0-006EF              50           1
        BANK14           00720-0076F              50           1
        BANK15           007A0-007EF              50           1
        BANK16           00820-0086F              50           1
        BANK17           008A0-008EF              50           1
        BANK18           00920-0096F              50           1
        BANK19           009A0-009EF              50           1
        BANK2            00120-0016F              50           1
        BANK20           00A20-00A6F              50           1
        BANK21           00AA0-00AEF              50           1
        BANK22           00B20-00B6F              50           1
        BANK23           00BA0-00BEF              50           1
        BANK24           00C20-00C6F              50           1
        BANK25           00CA0-00CBF              20           1
        BANK3            001A0-001EF              50           1
        BANK4            00220-0026F              50           1
        BANK5            002A0-002EF              50           1
        BANK6            00320-0036F              50           1
        BANK7            003A0-003EF              50           1
        BANK8            00420-0046F              50           1
        BANK9            004A0-004EF              50           1
        BIGRAM           02000-027EF             7F0           1
        CODE             00014-0031B             308           2
                         0089D-03FFF             800
        CONST            00014-0031B             100           2
                         0089D-03FFF             100
        ENTRY            00014-0031B             100           2
                         0089D-03FFF             100
        IDLOC            08000-08003               4           2
        RAM              0006E-0006F               2           1
                         000BE-000EF              32
                         00120-0016F              50
                         001A0-001EF              50
                         00220-0026F              50
                         002A0-002EF              50
                         00320-0036F              50
                         003A0-003EF              50
                         00420-0046F              50
                         004A0-004EF              50
                         00520-0056F              50
                         005A0-005EF              50
                         00620-0066F              50
                         006A0-006EF              50
                         00720-0076F              50
                         007A0-007EF              50
                         00820-0086F              50
                         008A0-008EF              50
                         00920-0096F              50
                         009A0-009EF              50
                         00A20-00A6F              50
                         00AA0-00AEF              50
                         00B20-00B6F              50
                         00BA0-00BEF              50
                         00C20-00C6F              50
                         00CA0-00CBF              20
        SFR0             00000-0001F              20           1
        SFR1             00080-0009F              20           1
        SFR10            00500-0051F              20           1
        SFR11            00580-0059F              20           1
        SFR12            00600-0061F              20           1
        SFR13            00680-0069F              20           1
        SFR14            00700-0071F              20           1
        SFR15            00780-0079F              20           1
        SFR16            00800-0081F              20           1
        SFR17            00880-0089F              20           1
        SFR18            00900-0091F              20           1
        SFR19            00980-0099F              20           1
        SFR2             00100-0011F              20           1
        SFR20            00A00-00A1F              20           1
        SFR21            00A80-00A9F              20           1
        SFR22            00B00-00B1F              20           1
        SFR23            00B80-00B9F              20           1
        SFR24            00C00-00C1F              20           1
        SFR25            00C80-00C9F              20           1
        SFR26            00D00-00D6F              70           1
        SFR27            00D80-00DEF              70           1
        SFR28            00E00-00E6F              70           1
        SFR29            00E80-00EEF              70           1
        SFR3             00180-0019F              20           1
        SFR30            00F00-00F6F              70           1
        SFR31            00F80-00FEF              70           1
        SFR32            01000-0106F              70           1
        SFR33            01080-010EF              70           1
        SFR34            01100-0116F              70           1
        SFR35            01180-011EF              70           1
        SFR36            01200-0126F              70           1
        SFR37            01280-012EF              70           1
        SFR38            01300-0136F              70           1
        SFR39            01380-013EF              70           1
        SFR4             00200-0021F              20           1
        SFR40            01400-0146F              70           1
        SFR41            01480-014EF              70           1
        SFR42            01500-0156F              70           1
        SFR43            01580-015EF              70           1
        SFR44            01600-0166F              70           1
        SFR45            01680-016EF              70           1
        SFR46            01700-0176F              70           1
        SFR47            01780-017EF              70           1
        SFR48            01800-0186F              70           1
        SFR49            01880-018EF              70           1
        SFR5             00280-0029F              20           1
        SFR50            01900-0196F              70           1
        SFR51            01980-019EF              70           1
        SFR52            01A00-01A6F              70           1
        SFR53            01A80-01AEF              70           1
        SFR54            01B00-01B6F              70           1
        SFR55            01B80-01BEF              70           1
        SFR56            01C00-01C6F              70           1
        SFR57            01C80-01CEF              70           1
        SFR58            01D00-01D6F              70           1
        SFR59            01D80-01DEF              70           1
        SFR6             00300-0031F              20           1
        SFR60            01E00-01E6F              70           1
        SFR61            01E80-01EEF              70           1
        SFR62            01F00-01F6F              70           1
        SFR63            01F80-01FEF              70           1
        SFR7             00380-0039F              20           1
        SFR8             00400-0041F              20           1
        SFR9             00480-0049F              20           1
        STACK            0206E-027EF             782           1
        STRCODE          00014-0031B             308           2
                         0089D-03FFF            3763
        STRING           00014-0031B             100           2
                         0089D-03FFF             100

                                  Symbol Table

DefineCharacter@data             cstackCOMMON 00079
DefineCharacter@i                cstackCOMMON 0007C
DefineCharacter@postion          cstackCOMMON 0007B
Delay_ms@count                   cstackCOMMON 00070
Delay_ms@i                       cstackCOMMON 00073
DisplLines@lines                 cstackCOMMON 00079
DisplayOnOff@data                cstackCOMMON 00078
I2C_ReadByte@acknowledge         cstackCOMMON 00072
I2C_ReadByte@buffer_I2C          cstackCOMMON 00073
I2C_WriteByte@data_out           cstackCOMMON 00072
IIC_get@ret                      cstackCOMMON 00075
IIC_put@cb                       cstackCOMMON 00074
IIC_put@db                       cstackCOMMON 00073
SetContrast@contr                cstackCOMMON 00079
SetPostion@pos                   cstackCOMMON 00078
SetROM@value                     cstackCOMMON 00078
WriteData@data                   cstackCOMMON 00077
WriteIns@ins                     cstackCOMMON 00077
WriteString@stringi              cstackCOMMON 00078
_ANSELA                          (abs)        01F38
_ANSELC                          (abs)        01F4E
_CheckBusy                       text19       0031D
_ClrDisplay                      text3        00346
_DefineCharacter                 text14       00507
_Delay_ms                        text13       00418
_DisplLines                      text12       0048B
_DisplayOnOff                    text2        00336
_I2C_Idle                        text26       003B0
_I2C_ReadByte                    text25       0056F
_I2C_RepeatedStart               text24       00359
_I2C_Start                       text23       00365
_I2C_Stop                        text22       0037E
_I2C_WriteByte                   text21       00538
_IIC_get                         text20       0046C
_IIC_put                         text18       003C3
_INLVLA                          (abs)        01F3C
_INLVLC                          (abs)        01F52
_LATA                            (abs)        00018
_LATC                            (abs)        0001A
_LATCbits                        (abs)        0001A
_ODCONA                          (abs)        01F3A
_ODCONC                          (abs)        01F50
_OSCCON1                         (abs)        0088D
_OSCCON3                         (abs)        0088F
_OSCEN                           (abs)        00891
_OSCFRQ                          (abs)        00893
_OSCILLATOR_Initialize           text11       0033D
_OSCTUNE                         (abs)        00892
_PIE3bits                        (abs)        00719
_PIN_MANAGER_Initialize          text10       004B1
_PIR3bits                        (abs)        0070F
_PMD0                            (abs)        00796
_PMD1                            (abs)        00797
_PMD2                            (abs)        00798
_PMD3                            (abs)        00799
_PMD4                            (abs)        0079A
_PMD5                            (abs)        0079B
_PMD6                            (abs)        0079C
_PMD7                            (abs)        0079D
_PMD_Initialize                  text9        0034F
_RA4PPS                          (abs)        01F14
_RA5PPS                          (abs)        01F15
_SLRCONA                         (abs)        01F3B
_SLRCONC                         (abs)        01F51
_SSP1ADD                         (abs)        0018D
_SSP1BUF                         (abs)        0018C
_SSP1CLKPPS                      (abs)        01EC5
_SSP1CON1                        (abs)        00190
_SSP1CON1bits                    (abs)        00190
_SSP1CON2                        (abs)        00191
_SSP1CON2bits                    (abs)        00191
_SSP1DATPPS                      (abs)        01EC6
_SSP1MSK                         (abs)        0018E
_SSP1STAT                        (abs)        0018F
_SSP1STATbits                    (abs)        0018F
_SYSTEM_Initialize               text7        00371
_SetContrast                     text6        00433
_SetPostion                      text16       0032F
_SetROM                          text5        0039E
_TRISA                           (abs)        00012
_TRISAbits                       (abs)        00012
_TRISC                           (abs)        00014
_WPUA                            (abs)        01F39
_WPUC                            (abs)        01F4F
_WriteData                       text15       003EC
_WriteIns                        text17       003D7
_WriteString                     text4        00401
__CFG_BBEN$OFF                   (abs)        00000
__CFG_BBSIZE$BB512               (abs)        00000
__CFG_BOREN$ON                   (abs)        00000
__CFG_BORV$LO                    (abs)        00000
__CFG_CLKOUTEN$OFF               (abs)        00000
__CFG_CP$OFF                     (abs)        00000
__CFG_CSWEN$ON                   (abs)        00000
__CFG_FCMEN$ON                   (abs)        00000
__CFG_FEXTOSC$OFF                (abs)        00000
__CFG_LPBOREN$OFF                (abs)        00000
__CFG_LVP$ON                     (abs)        00000
__CFG_MCLRE$ON                   (abs)        00000
__CFG_PPS1WAY$ON                 (abs)        00000
__CFG_PWRTS$OFF                  (abs)        00000
__CFG_RSTOSC$HFINT1              (abs)        00000
__CFG_SAFEN$OFF                  (abs)        00000
__CFG_STVREN$ON                  (abs)        00000
__CFG_WDTCCS$SC                  (abs)        00000
__CFG_WDTCPS$WDTCPS_31           (abs)        00000
__CFG_WDTCWS$WDTCWS_7            (abs)        00000
__CFG_WDTE$OFF                   (abs)        00000
__CFG_WRTAPP$OFF                 (abs)        00000
__CFG_WRTB$OFF                   (abs)        00000
__CFG_WRTC$OFF                   (abs)        00000
__CFG_WRTD$OFF                   (abs)        00000
__CFG_WRTSAF$OFF                 (abs)        00000
__CFG_ZCDDIS$OFF                 (abs)        00000
__Habs1                          abs1         00000
__Hbank0                         bank0        00000
__Hbank1                         bank1        00000
__Hbank10                        bank10       00000
__Hbank11                        bank11       00000
__Hbank12                        bank12       00000
__Hbank13                        bank13       00000
__Hbank14                        bank14       00000
__Hbank15                        bank15       00000
__Hbank16                        bank16       00000
__Hbank17                        bank17       00000
__Hbank18                        bank18       00000
__Hbank19                        bank19       00000
__Hbank2                         bank2        00000
__Hbank20                        bank20       00000
__Hbank21                        bank21       00000
__Hbank22                        bank22       00000
__Hbank23                        bank23       00000
__Hbank24                        bank24       00000
__Hbank25                        bank25       00000
__Hbank26                        bank26       00000
__Hbank27                        bank27       00000
__Hbank28                        bank28       00000
__Hbank29                        bank29       00000
__Hbank3                         bank3        00000
__Hbank30                        bank30       00000
__Hbank31                        bank31       00000
__Hbank32                        bank32       00000
__Hbank33                        bank33       00000
__Hbank34                        bank34       00000
__Hbank35                        bank35       00000
__Hbank36                        bank36       00000
__Hbank37                        bank37       00000
__Hbank38                        bank38       00000
__Hbank39                        bank39       00000
__Hbank4                         bank4        00000
__Hbank40                        bank40       00000
__Hbank41                        bank41       00000
__Hbank42                        bank42       00000
__Hbank43                        bank43       00000
__Hbank44                        bank44       00000
__Hbank45                        bank45       00000
__Hbank46                        bank46       00000
__Hbank47                        bank47       00000
__Hbank48                        bank48       00000
__Hbank49                        bank49       00000
__Hbank5                         bank5        00000
__Hbank50                        bank50       00000
__Hbank51                        bank51       00000
__Hbank52                        bank52       00000
__Hbank53                        bank53       00000
__Hbank54                        bank54       00000
__Hbank55                        bank55       00000
__Hbank56                        bank56       00000
__Hbank57                        bank57       00000
__Hbank58                        bank58       00000
__Hbank59                        bank59       00000
__Hbank6                         bank6        00000
__Hbank60                        bank60       00000
__Hbank61                        bank61       00000
__Hbank62                        bank62       00000
__Hbank63                        bank63       00000
__Hbank7                         bank7        00000
__Hbank8                         bank8        00000
__Hbank9                         bank9        00000
__Hbigram                        bigram       00000
__HbssBANK0                      bssBANK0     00000
__Hcinit                         cinit        00800
__Hclrtext                       clrtext      00000
__Hcode                          code         00000
__Hcommon                        common       00000
__Hconfig                        config       0800C
__HcstackBANK0                   cstackBANK0  00000
__HcstackCOMMON                  cstackCOMMON 00000
__HdataBANK1                     dataBANK1    00000
__HdataCOMMON                    dataCOMMON   00000
__Heeprom_data                   eeprom_data  00000
__Hend_init                      end_init     00004
__Hfunctab                       functab      00000
__HidataBANK1                    idataBANK1   00000
__HidataCOMMON                   idataCOMMON  00000
__Hidloc                         idloc        00000
__Hinit                          init         00002
__Hinittext                      inittext     00000
__Hintentry                      intentry     00002
__Hmaintext                      maintext     00000
__Hpowerup                       powerup      00000
__Hram                           ram          00000
__Hreset_vec                     reset_vec    00002
__Hsfr0                          sfr0         00000
__Hsfr1                          sfr1         00000
__Hsfr10                         sfr10        00000
__Hsfr11                         sfr11        00000
__Hsfr12                         sfr12        00000
__Hsfr13                         sfr13        00000
__Hsfr14                         sfr14        00000
__Hsfr15                         sfr15        00000
__Hsfr16                         sfr16        00000
__Hsfr17                         sfr17        00000
__Hsfr18                         sfr18        00000
__Hsfr19                         sfr19        00000
__Hsfr2                          sfr2         00000
__Hsfr20                         sfr20        00000
__Hsfr21                         sfr21        00000
__Hsfr22                         sfr22        00000
__Hsfr23                         sfr23        00000
__Hsfr24                         sfr24        00000
__Hsfr25                         sfr25        00000
__Hsfr26                         sfr26        00000
__Hsfr27                         sfr27        00000
__Hsfr28                         sfr28        00000
__Hsfr29                         sfr29        00000
__Hsfr3                          sfr3         00000
__Hsfr30                         sfr30        00000
__Hsfr31                         sfr31        00000
__Hsfr32                         sfr32        00000
__Hsfr33                         sfr33        00000
__Hsfr34                         sfr34        00000
__Hsfr35                         sfr35        00000
__Hsfr36                         sfr36        00000
__Hsfr37                         sfr37        00000
__Hsfr38                         sfr38        00000
__Hsfr39                         sfr39        00000
__Hsfr4                          sfr4         00000
__Hsfr40                         sfr40        00000
__Hsfr41                         sfr41        00000
__Hsfr42                         sfr42        00000
__Hsfr43                         sfr43        00000
__Hsfr44                         sfr44        00000
__Hsfr45                         sfr45        00000
__Hsfr46                         sfr46        00000
__Hsfr47                         sfr47        00000
__Hsfr48                         sfr48        00000
__Hsfr49                         sfr49        00000
__Hsfr5                          sfr5         00000
__Hsfr50                         sfr50        00000
__Hsfr51                         sfr51        00000
__Hsfr52                         sfr52        00000
__Hsfr53                         sfr53        00000
__Hsfr54                         sfr54        00000
__Hsfr55                         sfr55        00000
__Hsfr56                         sfr56        00000
__Hsfr57                         sfr57        00000
__Hsfr58                         sfr58        00000
__Hsfr59                         sfr59        00000
__Hsfr6                          sfr6         00000
__Hsfr60                         sfr60        00000
__Hsfr61                         sfr61        00000
__Hsfr62                         sfr62        00000
__Hsfr63                         sfr63        00000
__Hsfr7                          sfr7         00000
__Hsfr8                          sfr8         00000
__Hsfr9                          sfr9         00000
__Hspace_0                       (abs)        0800C
__Hspace_1                       (abs)        000BE
__Hspace_2                       (abs)        00000
__Hspace_3                       (abs)        00000
__Hstack                         stack        00000
__Hstrings                       strings      00000
__Hstringtext1                   stringtext1  00000
__Hstringtext10                  stringtext10 00000
__Hstringtext11                  stringtext11 00000
__Hstringtext12                  stringtext12 00000
__Hstringtext13                  stringtext13 00000
__Hstringtext2                   stringtext2  00000
__Hstringtext3                   stringtext3  00000
__Hstringtext4                   stringtext4  00000
__Hstringtext5                   stringtext5  00000
__Hstringtext6                   stringtext6  00000
__Hstringtext7                   stringtext7  00000
__Hstringtext8                   stringtext8  00000
__Hstringtext9                   stringtext9  00000
__Htext                          text         00000
__Labs1                          abs1         00000
__Lbank0                         bank0        00000
__Lbank1                         bank1        00000
__Lbank10                        bank10       00000
__Lbank11                        bank11       00000
__Lbank12                        bank12       00000
__Lbank13                        bank13       00000
__Lbank14                        bank14       00000
__Lbank15                        bank15       00000
__Lbank16                        bank16       00000
__Lbank17                        bank17       00000
__Lbank18                        bank18       00000
__Lbank19                        bank19       00000
__Lbank2                         bank2        00000
__Lbank20                        bank20       00000
__Lbank21                        bank21       00000
__Lbank22                        bank22       00000
__Lbank23                        bank23       00000
__Lbank24                        bank24       00000
__Lbank25                        bank25       00000
__Lbank26                        bank26       00000
__Lbank27                        bank27       00000
__Lbank28                        bank28       00000
__Lbank29                        bank29       00000
__Lbank3                         bank3        00000
__Lbank30                        bank30       00000
__Lbank31                        bank31       00000
__Lbank32                        bank32       00000
__Lbank33                        bank33       00000
__Lbank34                        bank34       00000
__Lbank35                        bank35       00000
__Lbank36                        bank36       00000
__Lbank37                        bank37       00000
__Lbank38                        bank38       00000
__Lbank39                        bank39       00000
__Lbank4                         bank4        00000
__Lbank40                        bank40       00000
__Lbank41                        bank41       00000
__Lbank42                        bank42       00000
__Lbank43                        bank43       00000
__Lbank44                        bank44       00000
__Lbank45                        bank45       00000
__Lbank46                        bank46       00000
__Lbank47                        bank47       00000
__Lbank48                        bank48       00000
__Lbank49                        bank49       00000
__Lbank5                         bank5        00000
__Lbank50                        bank50       00000
__Lbank51                        bank51       00000
__Lbank52                        bank52       00000
__Lbank53                        bank53       00000
__Lbank54                        bank54       00000
__Lbank55                        bank55       00000
__Lbank56                        bank56       00000
__Lbank57                        bank57       00000
__Lbank58                        bank58       00000
__Lbank59                        bank59       00000
__Lbank6                         bank6        00000
__Lbank60                        bank60       00000
__Lbank61                        bank61       00000
__Lbank62                        bank62       00000
__Lbank63                        bank63       00000
__Lbank7                         bank7        00000
__Lbank8                         bank8        00000
__Lbank9                         bank9        00000
__Lbigram                        bigram       00000
__LbssBANK0                      bssBANK0     00000
__Lcinit                         cinit        007E5
__Lclrtext                       clrtext      00000
__Lcode                          code         00000
__Lcommon                        common       00000
__Lconfig                        config       08007
__LcstackBANK0                   cstackBANK0  00000
__LcstackCOMMON                  cstackCOMMON 00000
__LdataBANK1                     dataBANK1    00000
__LdataCOMMON                    dataCOMMON   00000
__Leeprom_data                   eeprom_data  00000
__Lend_init                      end_init     00002
__Lfunctab                       functab      00000
__LidataBANK1                    idataBANK1   00000
__LidataCOMMON                   idataCOMMON  00000
__Lidloc                         idloc        00000
__Linit                          init         00002
__Linittext                      inittext     00000
__Lintentry                      intentry     00002
__Lmaintext                      maintext     00000
__Lpowerup                       powerup      00000
__Lram                           ram          00000
__Lreset_vec                     reset_vec    00000
__Lsfr0                          sfr0         00000
__Lsfr1                          sfr1         00000
__Lsfr10                         sfr10        00000
__Lsfr11                         sfr11        00000
__Lsfr12                         sfr12        00000
__Lsfr13                         sfr13        00000
__Lsfr14                         sfr14        00000
__Lsfr15                         sfr15        00000
__Lsfr16                         sfr16        00000
__Lsfr17                         sfr17        00000
__Lsfr18                         sfr18        00000
__Lsfr19                         sfr19        00000
__Lsfr2                          sfr2         00000
__Lsfr20                         sfr20        00000
__Lsfr21                         sfr21        00000
__Lsfr22                         sfr22        00000
__Lsfr23                         sfr23        00000
__Lsfr24                         sfr24        00000
__Lsfr25                         sfr25        00000
__Lsfr26                         sfr26        00000
__Lsfr27                         sfr27        00000
__Lsfr28                         sfr28        00000
__Lsfr29                         sfr29        00000
__Lsfr3                          sfr3         00000
__Lsfr30                         sfr30        00000
__Lsfr31                         sfr31        00000
__Lsfr32                         sfr32        00000
__Lsfr33                         sfr33        00000
__Lsfr34                         sfr34        00000
__Lsfr35                         sfr35        00000
__Lsfr36                         sfr36        00000
__Lsfr37                         sfr37        00000
__Lsfr38                         sfr38        00000
__Lsfr39                         sfr39        00000
__Lsfr4                          sfr4         00000
__Lsfr40                         sfr40        00000
__Lsfr41                         sfr41        00000
__Lsfr42                         sfr42        00000
__Lsfr43                         sfr43        00000
__Lsfr44                         sfr44        00000
__Lsfr45                         sfr45        00000
__Lsfr46                         sfr46        00000
__Lsfr47                         sfr47        00000
__Lsfr48                         sfr48        00000
__Lsfr49                         sfr49        00000
__Lsfr5                          sfr5         00000
__Lsfr50                         sfr50        00000
__Lsfr51                         sfr51        00000
__Lsfr52                         sfr52        00000
__Lsfr53                         sfr53        00000
__Lsfr54                         sfr54        00000
__Lsfr55                         sfr55        00000
__Lsfr56                         sfr56        00000
__Lsfr57                         sfr57        00000
__Lsfr58                         sfr58        00000
__Lsfr59                         sfr59        00000
__Lsfr6                          sfr6         00000
__Lsfr60                         sfr60        00000
__Lsfr61                         sfr61        00000
__Lsfr62                         sfr62        00000
__Lsfr63                         sfr63        00000
__Lsfr7                          sfr7         00000
__Lsfr8                          sfr8         00000
__Lsfr9                          sfr9         00000
__Lspace_0                       (abs)        00000
__Lspace_1                       (abs)        00000
__Lspace_2                       (abs)        00000
__Lspace_3                       (abs)        00000
__Lstack                         stack        00000
__Lstrings                       strings      00000
__Lstringtext1                   stringtext1  00000
__Lstringtext10                  stringtext10 00000
__Lstringtext11                  stringtext11 00000
__Lstringtext12                  stringtext12 00000
__Lstringtext13                  stringtext13 00000
__Lstringtext2                   stringtext2  00000
__Lstringtext3                   stringtext3  00000
__Lstringtext4                   stringtext4  00000
__Lstringtext5                   stringtext5  00000
__Lstringtext6                   stringtext6  00000
__Lstringtext7                   stringtext7  00000
__Lstringtext8                   stringtext8  00000
__Lstringtext9                   stringtext9  00000
__Ltext                          text         00000
__S0                             (abs)        0800C
__S1                             (abs)        000BE
__S2                             (abs)        00000
___int_sp                        stack        00000
___latbits                       (abs)        00003
___sp                            stack        00000
__end_of_CheckBusy               text19       00323
__end_of_ClrDisplay              text3        0034F
__end_of_DefineCharacter         text14       00538
__end_of_Delay_ms                text13       00433
__end_of_DisplLines              text12       004B1
__end_of_DisplayOnOff            text2        0033D
__end_of_I2C_Idle                text26       003C3
__end_of_I2C_ReadByte            text25       005C2
__end_of_I2C_RepeatedStart       text24       00365
__end_of_I2C_Start               text23       00371
__end_of_I2C_Stop                text22       0038E
__end_of_I2C_WriteByte           text21       0056F
__end_of_IIC_get                 text20       0048B
__end_of_IIC_put                 text18       003D7
__end_of_OSCILLATOR_Initialize   text11       00346
__end_of_PIN_MANAGER_Initialize  text10       004D7
__end_of_PMD_Initialize          text9        00359
__end_of_SYSTEM_Initialize       text7        0037E
__end_of_SetContrast             text6        0044E
__end_of_SetPostion              text16       00336
__end_of_SetROM                  text5        003B0
__end_of_WriteData               text15       00401
__end_of_WriteIns                text17       003EC
__end_of_WriteString             text4        00418
__end_of__initialization         cinit        007FD
__end_of_fsmStateTable           stringtext1  00820
__end_of_i2c1_driver_open        text8        0039E
__end_of_initDispl               text1        00507
__end_of_main                    maintext     007E5
__initialization                 cinit        007E5
__pbssBANK0                      bssBANK0     0004A
__pcstackBANK0                   cstackBANK0  00020
__pcstackCOMMON                  cstackCOMMON 00070
__pdataBANK1                     dataBANK1    000A0
__pdataCOMMON                    dataCOMMON   0007D
__pidataBANK1                    idataBANK1   0044E
__pidataCOMMON                   idataCOMMON  0031C
__pmaintext                      maintext     005C2
__pstringtext1                   stringtext1  00800
__pstringtext10                  stringtext10 00884
__pstringtext11                  stringtext11 0088E
__pstringtext12                  stringtext12 00896
__pstringtext13                  stringtext13 00000
__pstringtext2                   stringtext2  0082C
__pstringtext3                   stringtext3  00837
__pstringtext4                   stringtext4  00842
__pstringtext5                   stringtext5  0084D
__pstringtext6                   stringtext6  00858
__pstringtext7                   stringtext7  00863
__pstringtext8                   stringtext8  0086E
__pstringtext9                   stringtext9  00879
__pswtext1                       swtext1      00004
__ptext1                         text1        004D7
__ptext10                        text10       004B1
__ptext11                        text11       0033D
__ptext12                        text12       0048B
__ptext13                        text13       00418
__ptext14                        text14       00507
__ptext15                        text15       003EC
__ptext16                        text16       0032F
__ptext17                        text17       003D7
__ptext18                        text18       003C3
__ptext19                        text19       0031D
__ptext2                         text2        00336
__ptext20                        text20       0046C
__ptext21                        text21       00538
__ptext22                        text22       0037E
__ptext23                        text23       00365
__ptext24                        text24       00359
__ptext25                        text25       0056F
__ptext26                        text26       003B0
__ptext3                         text3        00346
__ptext4                         text4        00401
__ptext5                         text5        0039E
__ptext6                         text6        00433
__ptext7                         text7        00371
__ptext8                         text8        0038E
__ptext9                         text9        0034F
__size_of_CheckBusy              (abs)        00000
__size_of_ClrDisplay             (abs)        00000
__size_of_DefineCharacter        (abs)        00000
__size_of_Delay_ms               (abs)        00000
__size_of_DisplLines             (abs)        00000
__size_of_DisplayOnOff           (abs)        00000
__size_of_I2C_Idle               (abs)        00000
__size_of_I2C_ReadByte           (abs)        00000
__size_of_I2C_RepeatedStart      (abs)        00000
__size_of_I2C_Start              (abs)        00000
__size_of_I2C_Stop               (abs)        00000
__size_of_I2C_WriteByte          (abs)        00000
__size_of_IIC_get                (abs)        00000
__size_of_IIC_put                (abs)        00000
__size_of_OSCILLATOR_Initialize  (abs)        00000
__size_of_PIN_MANAGER_Initialize (abs)        00000
__size_of_PMD_Initialize         (abs)        00000
__size_of_SYSTEM_Initialize      (abs)        00000
__size_of_SetContrast            (abs)        00000
__size_of_SetPostion             (abs)        00000
__size_of_SetROM                 (abs)        00000
__size_of_WriteData              (abs)        00000
__size_of_WriteIns               (abs)        00000
__size_of_WriteString            (abs)        00000
__size_of_i2c1_driver_open       (abs)        00000
__size_of_initDispl              (abs)        00000
__size_of_main                   (abs)        00000
_dh_function_set                 dataCOMMON   0007D
_do_I2C_DO_ACK                   (abs)        00000
_do_I2C_DO_ADDRESS_NACK          (abs)        00000
_do_I2C_DO_NACK_RESTART          (abs)        00000
_do_I2C_DO_NACK_STOP             (abs)        00000
_do_I2C_IDLE                     (abs)        00000
_do_I2C_RCEN                     (abs)        00000
_do_I2C_RESET                    (abs)        00000
_do_I2C_RX                       (abs)        00000
_do_I2C_SEND_ADR_READ            (abs)        00000
_do_I2C_SEND_ADR_WRITE           (abs)        00000
_do_I2C_SEND_RESTART             (abs)        00000
_do_I2C_SEND_RESTART_READ        (abs)        00000
_do_I2C_SEND_RESTART_WRITE       (abs)        00000
_do_I2C_SEND_STOP                (abs)        00000
_do_I2C_TX                       (abs)        00000
_do_I2C_TX_EMPTY                 (abs)        00000
_fsmStateTable                   stringtext1  00800
_i2c1_driver_busCollisionISR     bssBANK0     0006B
_i2c1_driver_i2cISR              bssBANK0     00069
_i2c1_driver_open                text8        0038E
_i2c_ISR                         (abs)        00000
_i2c_busCollisionISR             (abs)        00000
_i2c_status                      bssBANK0     0004A
_i2ctimeout                      bssBANK0     00067
_initDispl                       text1        004D7
_main                            maintext     005C2
_returnReset                     (abs)        00000
_returnStop                      (abs)        00000
btemp                            (abs)        0007E
clear_ram0                       clrtext      00323
end_of_initialization            cinit        007FD
init_ram                         inittext     00329
intlevel0                        functab      00000
intlevel1                        functab      00000
intlevel2                        functab      00000
intlevel3                        functab      00000
intlevel4                        functab      00000
intlevel5                        functab      00000
main@F10835                      dataBANK1    000B6
main@F10840                      dataBANK1    000AB
main@F10842                      dataBANK1    000A0
main@arrowd                      cstackBANK0  00038
main@arrowu                      cstackBANK0  00040
main@charset1                    cstackBANK0  00022
main@charset2                    cstackBANK0  0002D
main@i                           cstackBANK0  00049
main@j                           cstackBANK0  00048
reset_vec                        reset_vec    00000
stackhi                          (abs)        027EF
stacklo                          (abs)        0206E
start                            init         00002
start_initialization             cinit        007E5
wtemp0                           (abs)        0007E


FUNCTION INFORMATION:

 *************** function _main *****************
 Defined at:
		line 53 in file "main.c"
 Parameters:    Size  Location     Type
		None
 Auto vars:     Size  Location     Type
  charset2       11   13[BANK0 ] unsigned char [11]
  charset1       11    2[BANK0 ] unsigned char [11]
  arrowu          8   32[BANK0 ] unsigned char [8]
  arrowd          8   24[BANK0 ] unsigned char [8]
  i               1   41[BANK0 ] unsigned char 
  j               1   40[BANK0 ] unsigned char 
 Return value:  Size  Location     Type
                  1    wreg      void 
 Registers used:
		wreg, fsr0l, fsr0h, fsr1l, fsr1h, status,2, status,0, pclath, cstack
 Tracked objects:
		On entry : 
		On exit  : 
		Unchanged: 
 Data sizes:     COMMON   BANK0   BANK1   BANK2   BANK3   BANK4   BANK5   BANK6   BANK7   BANK8   BANK9  BANK10  BANK11  BANK12  BANK13  BANK14  BANK15  BANK16  BANK17  BANK18  BANK19  BANK20  BANK21  BANK22  BANK23  BANK24  BANK25
      Params:         0       0       0       0       0       0       0       0       0       0       0       0       0       0       0       0       0       0       0       0       0       0       0       0       0       0       0
      Locals:         0      40       0       0       0       0       0       0       0       0       0       0       0       0       0       0       0       0       0       0       0       0       0       0       0       0       0
      Temps:          0       2       0       0       0       0       0       0       0       0       0       0       0       0       0       0       0       0       0       0       0       0       0       0       0       0       0
      Totals:         0      42       0       0       0       0       0       0       0       0       0       0       0       0       0       0       0       0       0       0       0       0       0       0       0       0       0
Total ram usage:       42 bytes
 Hardware stack levels required when called:    8
 This function calls:
		_ClrDisplay
		_DefineCharacter
		_Delay_ms
		_DisplLines
		_DisplayOnOff
		_SYSTEM_Initialize
		_SetContrast
		_SetPostion
		_SetROM
		_WriteString
		_initDispl
 This function is called by:
		Startup code after reset
 This function uses a non-reentrant model


 *************** function _initDispl *****************
 Defined at:
		line 34 in file "dog104.c"
 Parameters:    Size  Location     Type
		None
 Auto vars:     Size  Location     Type
  i               1    0        unsigned char 
 Return value:  Size  Location     Type
                  1    wreg      void 
 Registers used:
		wreg, status,2, status,0, pclath, cstack
 Tracked objects:
		On entry : 
		On exit  : 
		Unchanged: 
 Data sizes:     COMMON   BANK0   BANK1   BANK2   BANK3   BANK4   BANK5   BANK6   BANK7   BANK8   BANK9  BANK10  BANK11  BANK12  BANK13  BANK14  BANK15  BANK16  BANK17  BANK18  BANK19  BANK20  BANK21  BANK22  BANK23  BANK24  BANK25
      Params:         0       0       0       0       0       0       0       0       0       0       0       0       0       0       0       0       0       0       0       0       0       0       0       0       0       0       0
      Locals:         0       0       0       0       0       0       0       0       0       0       0       0       0       0       0       0       0       0       0       0       0       0       0       0       0       0       0
      Temps:          0       0       0       0       0       0       0       0       0       0       0       0       0       0       0       0       0       0       0       0       0       0       0       0       0       0       0
      Totals:         0       0       0       0       0       0       0       0       0       0       0       0       0       0       0       0       0       0       0       0       0       0       0       0       0       0       0
Total ram usage:        0 bytes
 Hardware stack levels used:    1
 Hardware stack levels required when called:    7
 This function calls:
		_ClrDisplay
		_DisplayOnOff
		_WriteIns
 This function is called by:
		_main
 This function uses a non-reentrant model


 *************** function _DisplayOnOff *****************
 Defined at:
		line 121 in file "dog104.c"
 Parameters:    Size  Location     Type
  data            1    wreg     char 
 Auto vars:     Size  Location     Type
  data            1    8[COMMON] char 
 Return value:  Size  Location     Type
                  1    wreg      void 
 Registers used:
		wreg, status,2, status,0, pclath, cstack
 Tracked objects:
		On entry : 
		On exit  : 
		Unchanged: 
 Data sizes:     COMMON   BANK0   BANK1   BANK2   BANK3   BANK4   BANK5   BANK6   BANK7   BANK8   BANK9  BANK10  BANK11  BANK12  BANK13  BANK14  BANK15  BANK16  BANK17  BANK18  BANK19  BANK20  BANK21  BANK22  BANK23  BANK24  BANK25
      Params:         0       0       0       0       0       0       0       0       0       0       0       0       0       0       0       0       0       0       0       0       0       0       0       0       0       0       0
      Locals:         1       0       0       0       0       0       0       0       0       0       0       0       0       0       0       0       0       0       0       0       0       0       0       0       0       0       0
      Temps:          0       0       0       0       0       0       0       0       0       0       0       0       0       0       0       0       0       0       0       0       0       0       0       0       0       0       0
      Totals:         1       0       0       0       0       0       0       0       0       0       0       0       0       0       0       0       0       0       0       0       0       0       0       0       0       0       0
Total ram usage:        1 bytes
 Hardware stack levels used:    1
 Hardware stack levels required when called:    5
 This function calls:
		_WriteIns
 This function is called by:
		_main
		_initDispl
 This function uses a non-reentrant model


 *************** function _ClrDisplay *****************
 Defined at:
		line 146 in file "dog104.c"
 Parameters:    Size  Location     Type
		None
 Auto vars:     Size  Location     Type
		None
 Return value:  Size  Location     Type
                  1    wreg      void 
 Registers used:
		wreg, status,2, status,0, pclath, cstack
 Tracked objects:
		On entry : 
		On exit  : 
		Unchanged: 
 Data sizes:     COMMON   BANK0   BANK1   BANK2   BANK3   BANK4   BANK5   BANK6   BANK7   BANK8   BANK9  BANK10  BANK11  BANK12  BANK13  BANK14  BANK15  BANK16  BANK17  BANK18  BANK19  BANK20  BANK21  BANK22  BANK23  BANK24  BANK25
      Params:         0       0       0       0       0       0       0       0       0       0       0       0       0       0       0       0       0       0       0       0       0       0       0       0       0       0       0
      Locals:         0       0       0       0       0       0       0       0       0       0       0       0       0       0       0       0       0       0       0       0       0       0       0       0       0       0       0
      Temps:          0       0       0       0       0       0       0       0       0       0       0       0       0       0       0       0       0       0       0       0       0       0       0       0       0       0       0
      Totals:         0       0       0       0       0       0       0       0       0       0       0       0       0       0       0       0       0       0       0       0       0       0       0       0       0       0       0
Total ram usage:        0 bytes
 Hardware stack levels used:    1
 Hardware stack levels required when called:    6
 This function calls:
		_SetPostion
		_WriteIns
 This function is called by:
		_main
		_initDispl
 This function uses a non-reentrant model


 *************** function _WriteString *****************
 Defined at:
		line 78 in file "dog104.c"
 Parameters:    Size  Location     Type
  stringi         2    8[COMMON] PTR char 
		 -> STR_21(11), STR_20(11), STR_19(11), STR_18(11), 
		 -> STR_17(11), STR_16(11), STR_15(11), STR_14(11), 
		 -> STR_13(11), STR_12(11), STR_11(11), STR_10(11), 
		 -> STR_9(11), STR_8(11), STR_7(11), STR_6(11), 
		 -> STR_5(11), STR_4(12), STR_3(8), STR_2(7), 
		 -> STR_1(10), main@charset2(11), main@charset1(11), 
 Auto vars:     Size  Location     Type
		None
 Return value:  Size  Location     Type
                  1    wreg      void 
 Registers used:
		wreg, fsr0l, fsr0h, status,2, status,0, pclath, cstack
 Tracked objects:
		On entry : 
		On exit  : 
		Unchanged: 
 Data sizes:     COMMON   BANK0   BANK1   BANK2   BANK3   BANK4   BANK5   BANK6   BANK7   BANK8   BANK9  BANK10  BANK11  BANK12  BANK13  BANK14  BANK15  BANK16  BANK17  BANK18  BANK19  BANK20  BANK21  BANK22  BANK23  BANK24  BANK25
      Params:         2       0       0       0       0       0       0       0       0       0       0       0       0       0       0       0       0       0       0       0       0       0       0       0       0       0       0
      Locals:         0       0       0       0       0       0       0       0       0       0       0       0       0       0       0       0       0       0       0       0       0       0       0       0       0       0       0
      Temps:          1       0       0       0       0       0       0       0       0       0       0       0       0       0       0       0       0       0       0       0       0       0       0       0       0       0       0
      Totals:         3       0       0       0       0       0       0       0       0       0       0       0       0       0       0       0       0       0       0       0       0       0       0       0       0       0       0
Total ram usage:        3 bytes
 Hardware stack levels used:    1
 Hardware stack levels required when called:    5
 This function calls:
		_WriteData
 This function is called by:
		_main
 This function uses a non-reentrant model


 *************** function _SetROM *****************
 Defined at:
		line 179 in file "dog104.c"
 Parameters:    Size  Location     Type
  value           1    wreg     unsigned char 
 Auto vars:     Size  Location     Type
  value           1    8[COMMON] unsigned char 
 Return value:  Size  Location     Type
                  1    wreg      void 
 Registers used:
		wreg, status,2, status,0, pclath, cstack
 Tracked objects:
		On entry : 
		On exit  : 
		Unchanged: 
 Data sizes:     COMMON   BANK0   BANK1   BANK2   BANK3   BANK4   BANK5   BANK6   BANK7   BANK8   BANK9  BANK10  BANK11  BANK12  BANK13  BANK14  BANK15  BANK16  BANK17  BANK18  BANK19  BANK20  BANK21  BANK22  BANK23  BANK24  BANK25
      Params:         0       0       0       0       0       0       0       0       0       0       0       0       0       0       0       0       0       0       0       0       0       0       0       0       0       0       0
      Locals:         1       0       0       0       0       0       0       0       0       0       0       0       0       0       0       0       0       0       0       0       0       0       0       0       0       0       0
      Temps:          0       0       0       0       0       0       0       0       0       0       0       0       0       0       0       0       0       0       0       0       0       0       0       0       0       0       0
      Totals:         1       0       0       0       0       0       0       0       0       0       0       0       0       0       0       0       0       0       0       0       0       0       0       0       0       0       0
Total ram usage:        1 bytes
 Hardware stack levels used:    1
 Hardware stack levels required when called:    5
 This function calls:
		_WriteData
		_WriteIns
 This function is called by:
		_main
 This function uses a non-reentrant model


 *************** function _SetContrast *****************
 Defined at:
		line 156 in file "dog104.c"
 Parameters:    Size  Location     Type
  contr           1    wreg     unsigned char 
 Auto vars:     Size  Location     Type
  contr           1    9[COMMON] unsigned char 
 Return value:  Size  Location     Type
                  1    wreg      void 
 Registers used:
		wreg, status,2, status,0, pclath, cstack
 Tracked objects:
		On entry : 
		On exit  : 
		Unchanged: 
 Data sizes:     COMMON   BANK0   BANK1   BANK2   BANK3   BANK4   BANK5   BANK6   BANK7   BANK8   BANK9  BANK10  BANK11  BANK12  BANK13  BANK14  BANK15  BANK16  BANK17  BANK18  BANK19  BANK20  BANK21  BANK22  BANK23  BANK24  BANK25
      Params:         0       0       0       0       0       0       0       0       0       0       0       0       0       0       0       0       0       0       0       0       0       0       0       0       0       0       0
      Locals:         1       0       0       0       0       0       0       0       0       0       0       0       0       0       0       0       0       0       0       0       0       0       0       0       0       0       0
      Temps:          1       0       0       0       0       0       0       0       0       0       0       0       0       0       0       0       0       0       0       0       0       0       0       0       0       0       0
      Totals:         2       0       0       0       0       0       0       0       0       0       0       0       0       0       0       0       0       0       0       0       0       0       0       0       0       0       0
Total ram usage:        2 bytes
 Hardware stack levels used:    1
 Hardware stack levels required when called:    5
 This function calls:
		_WriteIns
 This function is called by:
		_main
 This function uses a non-reentrant model


 *************** function _SYSTEM_Initialize *****************
 Defined at:
		line 50 in file "mcc_generated_files/mcc.c"
 Parameters:    Size  Location     Type
		None
 Auto vars:     Size  Location     Type
		None
 Return value:  Size  Location     Type
                  1    wreg      void 
 Registers used:
		wreg, status,2, status,0, pclath, cstack
 Tracked objects:
		On entry : 
		On exit  : 
		Unchanged: 
 Data sizes:     COMMON   BANK0   BANK1   BANK2   BANK3   BANK4   BANK5   BANK6   BANK7   BANK8   BANK9  BANK10  BANK11  BANK12  BANK13  BANK14  BANK15  BANK16  BANK17  BANK18  BANK19  BANK20  BANK21  BANK22  BANK23  BANK24  BANK25
      Params:         0       0       0       0       0       0       0       0       0       0       0       0       0       0       0       0       0       0       0       0       0       0       0       0       0       0       0
      Locals:         0       0       0       0       0       0       0       0       0       0       0       0       0       0       0       0       0       0       0       0       0       0       0       0       0       0       0
      Temps:          0       0       0       0       0       0       0       0       0       0       0       0       0       0       0       0       0       0       0       0       0       0       0       0       0       0       0
      Totals:         0       0       0       0       0       0       0       0       0       0       0       0       0       0       0       0       0       0       0       0       0       0       0       0       0       0       0
Total ram usage:        0 bytes
 Hardware stack levels used:    1
 Hardware stack levels required when called:    1
 This function calls:
		_OSCILLATOR_Initialize
		_PIN_MANAGER_Initialize
		_PMD_Initialize
		_i2c1_driver_open
 This function is called by:
		_main
 This function uses a non-reentrant model


 *************** function _i2c1_driver_open *****************
 Defined at:
		line 84 in file "mcc_generated_files/i2c1_driver.c"
 Parameters:    Size  Location     Type
		None
[...]
      Locals:         1       0       0       0       0       0       0       0       0       0       0       0       0       0       0       0       0       0       0       0       0       0       0       0       0       0       0
      Temps:          1       0       0       0       0       0       0       0       0       0       0       0       0       0       0       0       0       0       0       0       0       0       0       0       0       0       0
      Totals:         2       0       0       0       0       0       0       0       0       0       0       0       0       0       0       0       0       0       0       0       0       0       0       0       0       0       0
Total ram usage:        2 bytes
 Hardware stack levels used:    1
 Hardware stack levels required when called:    4
 This function calls:
		_CheckBusy
		_IIC_put
 This function is called by:
		_initDispl
		_DisplLines
		_SetPostion
		_DisplayOnOff
		_DefineCharacter
		_ClrDisplay
		_SetContrast
		_SetROM
		_SetView
 This function uses a non-reentrant model


 *************** function _IIC_put *****************
 Defined at:
		line 221 in file "dog104.c"
 Parameters:    Size  Location     Type
  cb              1    wreg     unsigned char 
  db              1    3[COMMON] unsigned char 
 Auto vars:     Size  Location     Type
  cb              1    4[COMMON] unsigned char 
 Return value:  Size  Location     Type
                  1    wreg      void 
 Registers used:
		wreg, status,2, status,0, pclath, cstack
 Tracked objects:
		On entry : 
		On exit  : 
		Unchanged: 
 Data sizes:     COMMON   BANK0   BANK1   BANK2   BANK3   BANK4   BANK5   BANK6   BANK7   BANK8   BANK9  BANK10  BANK11  BANK12  BANK13  BANK14  BANK15  BANK16  BANK17  BANK18  BANK19  BANK20  BANK21  BANK22  BANK23  BANK24  BANK25
      Params:         1       0       0       0       0       0       0       0       0       0       0       0       0       0       0       0       0       0       0       0       0       0       0       0       0       0       0
      Locals:         1       0       0       0       0       0       0       0       0       0       0       0       0       0       0       0       0       0       0       0       0       0       0       0       0       0       0
      Temps:          0       0       0       0       0       0       0       0       0       0       0       0       0       0       0       0       0       0       0       0       0       0       0       0       0       0       0
      Totals:         2       0       0       0       0       0       0       0       0       0       0       0       0       0       0       0       0       0       0       0       0       0       0       0       0       0       0
Total ram usage:        2 bytes
 Hardware stack levels used:    1
 Hardware stack levels required when called:    2
 This function calls:
		_I2C_Start
		_I2C_Stop
		_I2C_WriteByte
 This function is called by:
		_WriteIns
		_WriteData
 This function uses a non-reentrant model


 *************** function _CheckBusy *****************
 Defined at:
		line 211 in file "dog104.c"
 Parameters:    Size  Location     Type
		None
 Auto vars:     Size  Location     Type
		None
 Return value:  Size  Location     Type
                  1    wreg      unsigned char 
 Registers used:
		wreg, status,2, status,0, pclath, cstack
 Tracked objects:
		On entry : 
		On exit  : 
		Unchanged: 
 Data sizes:     COMMON   BANK0   BANK1   BANK2   BANK3   BANK4   BANK5   BANK6   BANK7   BANK8   BANK9  BANK10  BANK11  BANK12  BANK13  BANK14  BANK15  BANK16  BANK17  BANK18  BANK19  BANK20  BANK21  BANK22  BANK23  BANK24  BANK25
      Params:         0       0       0       0       0       0       0       0       0       0       0       0       0       0       0       0       0       0       0       0       0       0       0       0       0       0       0
      Locals:         0       0       0       0       0       0       0       0       0       0       0       0       0       0       0       0       0       0       0       0       0       0       0       0       0       0       0
      Temps:          0       0       0       0       0       0       0       0       0       0       0       0       0       0       0       0       0       0       0       0       0       0       0       0       0       0       0
      Totals:         0       0       0       0       0       0       0       0       0       0       0       0       0       0       0       0       0       0       0       0       0       0       0       0       0       0       0
Total ram usage:        0 bytes
 Hardware stack levels used:    1
 Hardware stack levels required when called:    3
 This function calls:
		_IIC_get
 This function is called by:
		_WriteIns
		_WriteData
 This function uses a non-reentrant model


 *************** function _IIC_get *****************
 Defined at:
		line 234 in file "dog104.c"
 Parameters:    Size  Location     Type
		None
 Auto vars:     Size  Location     Type
  ret             1    5[COMMON] unsigned char 
 Return value:  Size  Location     Type
                  1    wreg      unsigned char 
 Registers used:
		wreg, status,2, status,0, pclath, cstack
 Tracked objects:
		On entry : 
		On exit  : 
		Unchanged: 
 Data sizes:     COMMON   BANK0   BANK1   BANK2   BANK3   BANK4   BANK5   BANK6   BANK7   BANK8   BANK9  BANK10  BANK11  BANK12  BANK13  BANK14  BANK15  BANK16  BANK17  BANK18  BANK19  BANK20  BANK21  BANK22  BANK23  BANK24  BANK25
      Params:         0       0       0       0       0       0       0       0       0       0       0       0       0       0       0       0       0       0       0       0       0       0       0       0       0       0       0
      Locals:         1       0       0       0       0       0       0       0       0       0       0       0       0       0       0       0       0       0       0       0       0       0       0       0       0       0       0
      Temps:          1       0       0       0       0       0       0       0       0       0       0       0       0       0       0       0       0       0       0       0       0       0       0       0       0       0       0
      Totals:         2       0       0       0       0       0       0       0       0       0       0       0       0       0       0       0       0       0       0       0       0       0       0       0       0       0       0
Total ram usage:        2 bytes
 Hardware stack levels used:    1
 Hardware stack levels required when called:    2
 This function calls:
		_I2C_ReadByte
		_I2C_RepeatedStart
		_I2C_Start
		_I2C_Stop
		_I2C_WriteByte
 This function is called by:
		_CheckBusy
 This function uses a non-reentrant model


 *************** function _I2C_WriteByte *****************
 Defined at:
		line 178 in file "my_i2c.c"
 Parameters:    Size  Location     Type
  data_out        1    wreg     unsigned char 
 Auto vars:     Size  Location     Type
  data_out        1    2[COMMON] unsigned char 
 Return value:  Size  Location     Type
                  1    wreg      unsigned char 
 Registers used:
		wreg, status,2, status,0, pclath, cstack
 Tracked objects:
		On entry : 
		On exit  : 
		Unchanged: 
 Data sizes:     COMMON   BANK0   BANK1   BANK2   BANK3   BANK4   BANK5   BANK6   BANK7   BANK8   BANK9  BANK10  BANK11  BANK12  BANK13  BANK14  BANK15  BANK16  BANK17  BANK18  BANK19  BANK20  BANK21  BANK22  BANK23  BANK24  BANK25
      Params:         0       0       0       0       0       0       0       0       0       0       0       0       0       0       0       0       0       0       0       0       0       0       0       0       0       0       0
      Locals:         1       0       0       0       0       0       0       0       0       0       0       0       0       0       0       0       0       0       0       0       0       0       0       0       0       0       0
      Temps:          1       0       0       0       0       0       0       0       0       0       0       0       0       0       0       0       0       0       0       0       0       0       0       0       0       0       0
      Totals:         2       0       0       0       0       0       0       0       0       0       0       0       0       0       0       0       0       0       0       0       0       0       0       0       0       0       0
Total ram usage:        2 bytes
 Hardware stack levels used:    1
 Hardware stack levels required when called:    1
 This function calls:
		_I2C_Idle
 This function is called by:
		_IIC_put
		_IIC_get
 This function uses a non-reentrant model


 *************** function _I2C_Stop *****************
 Defined at:
		line 59 in file "my_i2c.c"
 Parameters:    Size  Location     Type
		None
 Auto vars:     Size  Location     Type
		None
 Return value:  Size  Location     Type
                  1    wreg      void 
 Registers used:
		wreg, status,2, status,0, pclath, cstack
 Tracked objects:
		On entry : 
		On exit  : 
		Unchanged: 
 Data sizes:     COMMON   BANK0   BANK1   BANK2   BANK3   BANK4   BANK5   BANK6   BANK7   BANK8   BANK9  BANK10  BANK11  BANK12  BANK13  BANK14  BANK15  BANK16  BANK17  BANK18  BANK19  BANK20  BANK21  BANK22  BANK23  BANK24  BANK25
      Params:         0       0       0       0       0       0       0       0       0       0       0       0       0       0       0       0       0       0       0       0       0       0       0       0       0       0       0
      Locals:         0       0       0       0       0       0       0       0       0       0       0       0       0       0       0       0       0       0       0       0       0       0       0       0       0       0       0
      Temps:          0       0       0       0       0       0       0       0       0       0       0       0       0       0       0       0       0       0       0       0       0       0       0       0       0       0       0
      Totals:         0       0       0       0       0       0       0       0       0       0       0       0       0       0       0       0       0       0       0       0       0       0       0       0       0       0       0
Total ram usage:        0 bytes
 Hardware stack levels used:    1
 Hardware stack levels required when called:    1
 This function calls:
		_I2C_Idle
 This function is called by:
		_IIC_put
		_IIC_get
 This function uses a non-reentrant model


 *************** function _I2C_Start *****************
 Defined at:
		line 41 in file "my_i2c.c"
 Parameters:    Size  Location     Type
		None
 Auto vars:     Size  Location     Type
		None
 Return value:  Size  Location     Type
                  1    wreg      void 
 Registers used:
		wreg, status,2, status,0, pclath, cstack
 Tracked objects:
		On entry : 
		On exit  : 
		Unchanged: 
 Data sizes:     COMMON   BANK0   BANK1   BANK2   BANK3   BANK4   BANK5   BANK6   BANK7   BANK8   BANK9  BANK10  BANK11  BANK12  BANK13  BANK14  BANK15  BANK16  BANK17  BANK18  BANK19  BANK20  BANK21  BANK22  BANK23  BANK24  BANK25
      Params:         0       0       0       0       0       0       0       0       0       0       0       0       0       0       0       0       0       0       0       0       0       0       0       0       0       0       0
      Locals:         0       0       0       0       0       0       0       0       0       0       0       0       0       0       0       0       0       0       0       0       0       0       0       0       0       0       0
      Temps:          0       0       0       0       0       0       0       0       0       0       0       0       0       0       0       0       0       0       0       0       0       0       0       0       0       0       0
      Totals:         0       0       0       0       0       0       0       0       0       0       0       0       0       0       0       0       0       0       0       0       0       0       0       0       0       0       0
Total ram usage:        0 bytes
 Hardware stack levels used:    1
 Hardware stack levels required when called:    1
 This function calls:
		_I2C_Idle
 This function is called by:
		_IIC_put
		_IIC_get
 This function uses a non-reentrant model


 *************** function _I2C_RepeatedStart *****************
 Defined at:
		line 50 in file "my_i2c.c"
 Parameters:    Size  Location     Type
		None
 Auto vars:     Size  Location     Type
		None
 Return value:  Size  Location     Type
                  1    wreg      void 
 Registers used:
		wreg, status,2, status,0, pclath, cstack
 Tracked objects:
		On entry : 
		On exit  : 
		Unchanged: 
 Data sizes:     COMMON   BANK0   BANK1   BANK2   BANK3   BANK4   BANK5   BANK6   BANK7   BANK8   BANK9  BANK10  BANK11  BANK12  BANK13  BANK14  BANK15  BANK16  BANK17  BANK18  BANK19  BANK20  BANK21  BANK22  BANK23  BANK24  BANK25
      Params:         0       0       0       0       0       0       0       0       0       0       0       0       0       0       0       0       0       0       0       0       0       0       0       0       0       0       0
      Locals:         0       0       0       0       0       0       0       0       0       0       0       0       0       0       0       0       0       0       0       0       0       0       0       0       0       0       0
      Temps:          0       0       0       0       0       0       0       0       0       0       0       0       0       0       0       0       0       0       0       0       0       0       0       0       0       0       0
      Totals:         0       0       0       0       0       0       0       0       0       0       0       0       0       0       0       0       0       0       0       0       0       0       0       0       0       0       0
Total ram usage:        0 bytes
 Hardware stack levels used:    1
 Hardware stack levels required when called:    1
 This function calls:
		_I2C_Idle
 This function is called by:
		_IIC_get
 This function uses a non-reentrant model


 *************** function _I2C_ReadByte *****************
 Defined at:
		line 103 in file "my_i2c.c"
 Parameters:    Size  Location     Type
  acknowledge     1    wreg     unsigned char 
 Auto vars:     Size  Location     Type
  acknowledge     1    2[COMMON] unsigned char 
  buffer_I2C      1    3[COMMON] unsigned char 
 Return value:  Size  Location     Type
                  1    wreg      unsigned char 
 Registers used:
		wreg, status,2, status,0, pclath, cstack
 Tracked objects:
		On entry : 
		On exit  : 
		Unchanged: 
 Data sizes:     COMMON   BANK0   BANK1   BANK2   BANK3   BANK4   BANK5   BANK6   BANK7   BANK8   BANK9  BANK10  BANK11  BANK12  BANK13  BANK14  BANK15  BANK16  BANK17  BANK18  BANK19  BANK20  BANK21  BANK22  BANK23  BANK24  BANK25
      Params:         0       0       0       0       0       0       0       0       0       0       0       0       0       0       0       0       0       0       0       0       0       0       0       0       0       0       0
      Locals:         2       0       0       0       0       0       0       0       0       0       0       0       0       0       0       0       0       0       0       0       0       0       0       0       0       0       0
      Temps:          1       0       0       0       0       0       0       0       0       0       0       0       0       0       0       0       0       0       0       0       0       0       0       0       0       0       0
      Totals:         3       0       0       0       0       0       0       0       0       0       0       0       0       0       0       0       0       0       0       0       0       0       0       0       0       0       0
Total ram usage:        3 bytes
 Hardware stack levels used:    1
 Hardware stack levels required when called:    1
 This function calls:
		_I2C_Idle
 This function is called by:
		_IIC_get
 This function uses a non-reentrant model


 *************** function _I2C_Idle *****************
 Defined at:
		line 80 in file "my_i2c.c"
 Parameters:    Size  Location     Type
		None
 Auto vars:     Size  Location     Type
		None
 Return value:  Size  Location     Type
                  1    wreg      void 
 Registers used:
		wreg, status,2, status,0
 Tracked objects:
		On entry : 
		On exit  : 
		Unchanged: 
 Data sizes:     COMMON   BANK0   BANK1   BANK2   BANK3   BANK4   BANK5   BANK6   BANK7   BANK8   BANK9  BANK10  BANK11  BANK12  BANK13  BANK14  BANK15  BANK16  BANK17  BANK18  BANK19  BANK20  BANK21  BANK22  BANK23  BANK24  BANK25
      Params:         0       0       0       0       0       0       0       0       0       0       0       0       0       0       0       0       0       0       0       0       0       0       0       0       0       0       0
      Locals:         0       0       0       0       0       0       0       0       0       0       0       0       0       0       0       0       0       0       0       0       0       0       0       0       0       0       0
      Temps:          1       0       0       0       0       0       0       0       0       0       0       0       0       0       0       0       0       0       0       0       0       0       0       0       0       0       0
      Totals:         1       0       0       0       0       0       0       0       0       0       0       0       0       0       0       0       0       0       0       0       0       0       0       0       0       0       0
Total ram usage:        1 bytes
 Hardware stack levels used:    1
 This function calls:
		Nothing
 This function is called by:
		_I2C_Start
		_I2C_RepeatedStart
		_I2C_Stop
		_I2C_ReadByte
		_I2C_WriteByte
 This function uses a non-reentrant model



MODULE INFORMATION

Module		Function		Class		Link	Load	Size
my_i2c.c
		_I2C_Idle      		CODE           	03B0	0000	20
		_I2C_RepeatedStart		CODE           	0359	0000	13
		_I2C_Stop      		CODE           	037E	0000	17
		_I2C_WriteByte 		CODE           	0538	0000	56
		_I2C_ReadByte  		CODE           	056F	0000	84
		_I2C_Start     		CODE           	0365	0000	13

my_i2c.c estimated size: 203

mcc_generated_files/pin_manager.c
		_PIN_MANAGER_Initialize		CODE           	04B1	0000	39

mcc_generated_files/pin_manager.c estimated size: 39

dog104.c
		_WriteIns      		CODE           	03D7	0000	22
		_SetROM        		CODE           	039E	0000	19
		_WriteData     		CODE           	03EC	0000	22
		_SetPostion    		CODE           	032F	0000	8
		_CheckBusy     		CODE           	031D	0000	7
		_ClrDisplay    		CODE           	0346	0000	10
		_DisplLines    		CODE           	048B	0000	39
		_SetContrast   		CODE           	0433	0000	28
		_WriteString   		CODE           	0401	0000	24
		_DefineCharacter		CODE           	0507	0000	50
		_IIC_get       		CODE           	046C	0000	32
		_IIC_put       		CODE           	03C3	0000	21
		_DisplayOnOff  		CODE           	0336	0000	8
		_initDispl     		CODE           	04D7	0000	49

dog104.c estimated size: 339

shared
		__initialization		CODE           	07E5	0000	25
		_fsmStateTable 		STRCODE        	0800	0000	33

shared estimated size: 58

mcc_generated_files/mcc.c
		_PMD_Initialize		CODE           	034F	0000	11
		_OSCILLATOR_Initialize		CODE           	033D	0000	10
		_SYSTEM_Initialize		CODE           	0371	0000	14

mcc_generated_files/mcc.c estimated size: 35

mcc_generated_files/i2c1_driver.c
		_i2c1_driver_open		CODE           	038E	0000	17

mcc_generated_files/i2c1_driver.c estimated size: 17

my_delays.c
		_Delay_ms      		CODE           	0418	0000	28

my_delays.c estimated size: 28

main.c
		_main          		CODE           	05C2	0000	548

main.c estimated size: 548

